<?xml version="1.0" encoding="UTF-8"?>
<testsuites>
  <testsuite name="/app/phpunit-ci.xml" tests="96" assertions="215" errors="0" failures="0" skipped="0" time="3.983396">
    <testsuite name="Unit" tests="22" assertions="127" errors="0" failures="0" skipped="0" time="0.742083">
      <testsuite name="Tests\Unit\Playground\Make\Controller\Configuration\Controller\InstanceTest" file="/app/tests/Unit/Configuration/Controller/InstanceTest.php" tests="5" assertions="31" errors="0" failures="0" skipped="0" time="0.281888">
        <testcase name="test_instance" file="/app/tests/Unit/Configuration/Controller/InstanceTest.php" line="21" class="Tests\Unit\Playground\Make\Controller\Configuration\Controller\InstanceTest" classname="Tests.Unit.Playground.Make.Controller.Configuration.Controller.InstanceTest" assertions="1" time="0.160879"/>
        <testcase name="test_instance_apply_without_options" file="/app/tests/Unit/Configuration/Controller/InstanceTest.php" line="91" class="Tests\Unit\Playground\Make\Controller\Configuration\Controller\InstanceTest" classname="Tests.Unit.Playground.Make.Controller.Configuration.Controller.InstanceTest" assertions="4" time="0.029364"/>
        <testcase name="test_folder_is_empty_by_default" file="/app/tests/Unit/Configuration/Controller/InstanceTest.php" line="108" class="Tests\Unit\Playground\Make\Controller\Configuration\Controller\InstanceTest" classname="Tests.Unit.Playground.Make.Controller.Configuration.Controller.InstanceTest" assertions="2" time="0.027081"/>
        <testcase name="test_resource_controller_with_file_and_skeleton" file="/app/tests/Unit/Configuration/Controller/InstanceTest.php" line="116" class="Tests\Unit\Playground\Make\Controller\Configuration\Controller\InstanceTest" classname="Tests.Unit.Playground.Make.Controller.Configuration.Controller.InstanceTest" assertions="12" time="0.034561"/>
        <testcase name="test_api_controller_with_file_and_skeleton" file="/app/tests/Unit/Configuration/Controller/InstanceTest.php" line="168" class="Tests\Unit\Playground\Make\Controller\Configuration\Controller\InstanceTest" classname="Tests.Unit.Playground.Make.Controller.Configuration.Controller.InstanceTest" assertions="12" time="0.030003"/>
      </testsuite>
      <testsuite name="Tests\Unit\Playground\Make\Controller\Configuration\Policy\InstanceTest" file="/app/tests/Unit/Configuration/Policy/InstanceTest.php" tests="4" assertions="22" errors="0" failures="0" skipped="0" time="0.112039">
        <testcase name="test_instance" file="/app/tests/Unit/Configuration/Policy/InstanceTest.php" line="21" class="Tests\Unit\Playground\Make\Controller\Configuration\Policy\InstanceTest" classname="Tests.Unit.Playground.Make.Controller.Configuration.Policy.InstanceTest" assertions="1" time="0.027231"/>
        <testcase name="test_instance_apply_without_options" file="/app/tests/Unit/Configuration/Policy/InstanceTest.php" line="53" class="Tests\Unit\Playground\Make\Controller\Configuration\Policy\InstanceTest" classname="Tests.Unit.Playground.Make.Controller.Configuration.Policy.InstanceTest" assertions="4" time="0.027462"/>
        <testcase name="test_folder_is_empty_by_default" file="/app/tests/Unit/Configuration/Policy/InstanceTest.php" line="70" class="Tests\Unit\Playground\Make\Controller\Configuration\Policy\InstanceTest" classname="Tests.Unit.Playground.Make.Controller.Configuration.Policy.InstanceTest" assertions="2" time="0.027082"/>
        <testcase name="test_test_with_file_and_skeleton" file="/app/tests/Unit/Configuration/Policy/InstanceTest.php" line="78" class="Tests\Unit\Playground\Make\Controller\Configuration\Policy\InstanceTest" classname="Tests.Unit.Playground.Make.Controller.Configuration.Policy.InstanceTest" assertions="15" time="0.030264"/>
      </testsuite>
      <testsuite name="Tests\Unit\Playground\Make\Controller\Configuration\Request\InstanceTest" file="/app/tests/Unit/Configuration/Request/InstanceTest.php" tests="4" assertions="18" errors="0" failures="0" skipped="0" time="0.108402">
        <testcase name="test_instance" file="/app/tests/Unit/Configuration/Request/InstanceTest.php" line="21" class="Tests\Unit\Playground\Make\Controller\Configuration\Request\InstanceTest" classname="Tests.Unit.Playground.Make.Controller.Configuration.Request.InstanceTest" assertions="1" time="0.027895"/>
        <testcase name="test_instance_apply_without_options" file="/app/tests/Unit/Configuration/Request/InstanceTest.php" line="56" class="Tests\Unit\Playground\Make\Controller\Configuration\Request\InstanceTest" classname="Tests.Unit.Playground.Make.Controller.Configuration.Request.InstanceTest" assertions="4" time="0.026718"/>
        <testcase name="test_folder_is_empty_by_default" file="/app/tests/Unit/Configuration/Request/InstanceTest.php" line="73" class="Tests\Unit\Playground\Make\Controller\Configuration\Request\InstanceTest" classname="Tests.Unit.Playground.Make.Controller.Configuration.Request.InstanceTest" assertions="2" time="0.026785"/>
        <testcase name="test_test_with_file_and_skeleton" file="/app/tests/Unit/Configuration/Request/InstanceTest.php" line="81" class="Tests\Unit\Playground\Make\Controller\Configuration\Request\InstanceTest" classname="Tests.Unit.Playground.Make.Controller.Configuration.Request.InstanceTest" assertions="11" time="0.027004"/>
      </testsuite>
      <testsuite name="Tests\Unit\Playground\Make\Controller\Configuration\Resource\InstanceTest" file="/app/tests/Unit/Configuration/Resource/InstanceTest.php" tests="5" assertions="27" errors="0" failures="0" skipped="0" time="0.133782">
        <testcase name="test_instance" file="/app/tests/Unit/Configuration/Resource/InstanceTest.php" line="21" class="Tests\Unit\Playground\Make\Controller\Configuration\Resource\InstanceTest" classname="Tests.Unit.Playground.Make.Controller.Configuration.Resource.InstanceTest" assertions="1" time="0.026181"/>
        <testcase name="test_instance_apply_without_options" file="/app/tests/Unit/Configuration/Resource/InstanceTest.php" line="51" class="Tests\Unit\Playground\Make\Controller\Configuration\Resource\InstanceTest" classname="Tests.Unit.Playground.Make.Controller.Configuration.Resource.InstanceTest" assertions="4" time="0.026454"/>
        <testcase name="test_folder_is_empty_by_default" file="/app/tests/Unit/Configuration/Resource/InstanceTest.php" line="68" class="Tests\Unit\Playground\Make\Controller\Configuration\Resource\InstanceTest" classname="Tests.Unit.Playground.Make.Controller.Configuration.Resource.InstanceTest" assertions="2" time="0.026650"/>
        <testcase name="test_with_file_and_skeleton" file="/app/tests/Unit/Configuration/Resource/InstanceTest.php" line="76" class="Tests\Unit\Playground\Make\Controller\Configuration\Resource\InstanceTest" classname="Tests.Unit.Playground.Make.Controller.Configuration.Resource.InstanceTest" assertions="10" time="0.027138"/>
        <testcase name="test_with_file_and_skeleton_as_collection" file="/app/tests/Unit/Configuration/Resource/InstanceTest.php" line="109" class="Tests\Unit\Playground\Make\Controller\Configuration\Resource\InstanceTest" classname="Tests.Unit.Playground.Make.Controller.Configuration.Resource.InstanceTest" assertions="10" time="0.027358"/>
      </testsuite>
      <testsuite name="Tests\Unit\Playground\Make\Controller\Configuration\Route\InstanceTest" file="/app/tests/Unit/Configuration/Route/InstanceTest.php" tests="4" assertions="29" errors="0" failures="0" skipped="0" time="0.105972">
        <testcase name="test_instance" file="/app/tests/Unit/Configuration/Route/InstanceTest.php" line="21" class="Tests\Unit\Playground\Make\Controller\Configuration\Route\InstanceTest" classname="Tests.Unit.Playground.Make.Controller.Configuration.Route.InstanceTest" assertions="1" time="0.026654"/>
        <testcase name="test_instance_apply_without_options" file="/app/tests/Unit/Configuration/Route/InstanceTest.php" line="78" class="Tests\Unit\Playground\Make\Controller\Configuration\Route\InstanceTest" classname="Tests.Unit.Playground.Make.Controller.Configuration.Route.InstanceTest" assertions="4" time="0.026130"/>
        <testcase name="test_folder_is_empty_by_default" file="/app/tests/Unit/Configuration/Route/InstanceTest.php" line="95" class="Tests\Unit\Playground\Make\Controller\Configuration\Route\InstanceTest" classname="Tests.Unit.Playground.Make.Controller.Configuration.Route.InstanceTest" assertions="2" time="0.026040"/>
        <testcase name="test_with_file_and_skeleton" file="/app/tests/Unit/Configuration/Route/InstanceTest.php" line="103" class="Tests\Unit\Playground\Make\Controller\Configuration\Route\InstanceTest" classname="Tests.Unit.Playground.Make.Controller.Configuration.Route.InstanceTest" assertions="22" time="0.027148"/>
      </testsuite>
    </testsuite>
    <testsuite name="Feature" tests="74" assertions="88" errors="0" failures="0" skipped="0" time="3.241313">
      <testsuite name="Tests\Feature\Playground\Make\Controller\Console\Commands\About\CommandTest" file="/app/tests/Feature/Console/Commands/About/CommandTest.php" tests="1" assertions="2" errors="0" failures="0" skipped="0" time="0.174565">
        <testcase name="test_command_about_displays_package_information_and_succeed_with_code_0" file="/app/tests/Feature/Console/Commands/About/CommandTest.php" line="31" class="Tests\Feature\Playground\Make\Controller\Console\Commands\About\CommandTest" classname="Tests.Feature.Playground.Make.Controller.Console.Commands.About.CommandTest" assertions="2" time="0.174565"/>
      </testsuite>
      <testsuite name="Tests\Feature\Playground\Make\Controller\Console\Commands\ControllerMakeCommand\CommandTest" file="/app/tests/Feature/Console/Commands/ControllerMakeCommand/CommandTest.php" tests="2" assertions="3" errors="0" failures="0" skipped="0" time="0.090499">
        <testcase name="test_command_without_options_or_arguments" file="/app/tests/Feature/Console/Commands/ControllerMakeCommand/CommandTest.php" line="23" class="Tests\Feature\Playground\Make\Controller\Console\Commands\ControllerMakeCommand\CommandTest" classname="Tests.Feature.Playground.Make.Controller.Console.Commands.ControllerMakeCommand.CommandTest" assertions="2" time="0.051016"/>
        <testcase name="test_command_skeleton" file="/app/tests/Feature/Console/Commands/ControllerMakeCommand/CommandTest.php" line="33" class="Tests\Feature\Playground\Make\Controller\Console\Commands\ControllerMakeCommand\CommandTest" classname="Tests.Feature.Playground.Make.Controller.Console.Commands.ControllerMakeCommand.CommandTest" assertions="1" time="0.039482"/>
      </testsuite>
      <testsuite name="Tests\Feature\Playground\Make\Controller\Console\Commands\ControllerMakeCommand\FileTest" file="/app/tests/Feature/Console/Commands/ControllerMakeCommand/FileTest.php" tests="2" assertions="2" errors="0" failures="0" skipped="0" time="0.539964">
        <testcase name="test_command_make_controller_with_force_and_without_skeleton" file="/app/tests/Feature/Console/Commands/ControllerMakeCommand/FileTest.php" line="23" class="Tests\Feature\Playground\Make\Controller\Console\Commands\ControllerMakeCommand\FileTest" classname="Tests.Feature.Playground.Make.Controller.Console.Commands.ControllerMakeCommand.FileTest" assertions="1" time="0.051398"/>
        <testcase name="test_command_make_controller_with_force_and_with_skeleton" file="/app/tests/Feature/Console/Commands/ControllerMakeCommand/FileTest.php" line="37" class="Tests\Feature\Playground\Make\Controller\Console\Commands\ControllerMakeCommand\FileTest" classname="Tests.Feature.Playground.Make.Controller.Console.Commands.ControllerMakeCommand.FileTest" assertions="1" time="0.488566"/>
      </testsuite>
      <testsuite name="Tests\Feature\Playground\Make\Controller\Console\Commands\PolicyMakeCommand\CommandTest" file="/app/tests/Feature/Console/Commands/PolicyMakeCommand/CommandTest.php" tests="9" assertions="10" errors="0" failures="0" skipped="0" time="0.308349">
        <testcase name="test_command_without_options_or_arguments" file="/app/tests/Feature/Console/Commands/PolicyMakeCommand/CommandTest.php" line="22" class="Tests\Feature\Playground\Make\Controller\Console\Commands\PolicyMakeCommand\CommandTest" classname="Tests.Feature.Playground.Make.Controller.Console.Commands.PolicyMakeCommand.CommandTest" assertions="2" time="0.031673"/>
        <testcase name="test_command_skeleton" file="/app/tests/Feature/Console/Commands/PolicyMakeCommand/CommandTest.php" line="32" class="Tests\Feature\Playground\Make\Controller\Console\Commands\PolicyMakeCommand\CommandTest" classname="Tests.Feature.Playground.Make.Controller.Console.Commands.PolicyMakeCommand.CommandTest" assertions="1" time="0.033667"/>
        <testcase name="test_command_skeleton_with_roles_action" file="/app/tests/Feature/Console/Commands/PolicyMakeCommand/CommandTest.php" line="41" class="Tests\Feature\Playground\Make\Controller\Console\Commands\PolicyMakeCommand\CommandTest" classname="Tests.Feature.Playground.Make.Controller.Console.Commands.PolicyMakeCommand.CommandTest" assertions="1" time="0.033946"/>
        <testcase name="test_command_skeleton_with_roles_view" file="/app/tests/Feature/Console/Commands/PolicyMakeCommand/CommandTest.php" line="50" class="Tests\Feature\Playground\Make\Controller\Console\Commands\PolicyMakeCommand\CommandTest" classname="Tests.Feature.Playground.Make.Controller.Console.Commands.PolicyMakeCommand.CommandTest" assertions="1" time="0.034433"/>
        <testcase name="test_command_skeleton_with_roles_and_action_view" file="/app/tests/Feature/Console/Commands/PolicyMakeCommand/CommandTest.php" line="59" class="Tests\Feature\Playground\Make\Controller\Console\Commands\PolicyMakeCommand\CommandTest" classname="Tests.Feature.Playground.Make.Controller.Console.Commands.PolicyMakeCommand.CommandTest" assertions="1" time="0.034610"/>
        <testcase name="test_command_skeleton_with_type_playground_resource" file="/app/tests/Feature/Console/Commands/PolicyMakeCommand/CommandTest.php" line="83" class="Tests\Feature\Playground\Make\Controller\Console\Commands\PolicyMakeCommand\CommandTest" classname="Tests.Feature.Playground.Make.Controller.Console.Commands.PolicyMakeCommand.CommandTest" assertions="1" time="0.034249"/>
        <testcase name="test_command_skeleton_with_type_playground_api" file="/app/tests/Feature/Console/Commands/PolicyMakeCommand/CommandTest.php" line="92" class="Tests\Feature\Playground\Make\Controller\Console\Commands\PolicyMakeCommand\CommandTest" classname="Tests.Feature.Playground.Make.Controller.Console.Commands.PolicyMakeCommand.CommandTest" assertions="1" time="0.035455"/>
        <testcase name="test_command_skeleton_with_type_api" file="/app/tests/Feature/Console/Commands/PolicyMakeCommand/CommandTest.php" line="101" class="Tests\Feature\Playground\Make\Controller\Console\Commands\PolicyMakeCommand\CommandTest" classname="Tests.Feature.Playground.Make.Controller.Console.Commands.PolicyMakeCommand.CommandTest" assertions="1" time="0.035181"/>
        <testcase name="test_command_skeleton_with_type_resource" file="/app/tests/Feature/Console/Commands/PolicyMakeCommand/CommandTest.php" line="110" class="Tests\Feature\Playground\Make\Controller\Console\Commands\PolicyMakeCommand\CommandTest" classname="Tests.Feature.Playground.Make.Controller.Console.Commands.PolicyMakeCommand.CommandTest" assertions="1" time="0.035135"/>
      </testsuite>
      <testsuite name="Tests\Feature\Playground\Make\Controller\Console\Commands\PolicyMakeCommand\FileTest" file="/app/tests/Feature/Console/Commands/PolicyMakeCommand/FileTest.php" tests="2" assertions="2" errors="0" failures="0" skipped="0" time="0.071705">
        <testcase name="test_command_make_policy_with_force_and_without_skeleton" file="/app/tests/Feature/Console/Commands/PolicyMakeCommand/FileTest.php" line="22" class="Tests\Feature\Playground\Make\Controller\Console\Commands\PolicyMakeCommand\FileTest" classname="Tests.Feature.Playground.Make.Controller.Console.Commands.PolicyMakeCommand.FileTest" assertions="1" time="0.034186"/>
        <testcase name="test_command_make_policy_with_force_and_with_skeleton" file="/app/tests/Feature/Console/Commands/PolicyMakeCommand/FileTest.php" line="36" class="Tests\Feature\Playground\Make\Controller\Console\Commands\PolicyMakeCommand\FileTest" classname="Tests.Feature.Playground.Make.Controller.Console.Commands.PolicyMakeCommand.FileTest" assertions="1" time="0.037519"/>
      </testsuite>
      <testsuite name="Tests\Feature\Playground\Make\Controller\Console\Commands\RequestMakeCommand\AbstractTest" file="/app/tests/Feature/Console/Commands/RequestMakeCommand/AbstractTest.php" tests="6" assertions="6" errors="0" failures="0" skipped="0" time="0.205740">
        <testcase name="test_command_make_abstract_request_with_force_and_without_skeleton" file="/app/tests/Feature/Console/Commands/RequestMakeCommand/AbstractTest.php" line="22" class="Tests\Feature\Playground\Make\Controller\Console\Commands\RequestMakeCommand\AbstractTest" classname="Tests.Feature.Playground.Make.Controller.Console.Commands.RequestMakeCommand.AbstractTest" assertions="1" time="0.033488"/>
        <testcase name="test_command_make_abstract_request_with_force_and_with_skeleton" file="/app/tests/Feature/Console/Commands/RequestMakeCommand/AbstractTest.php" line="33" class="Tests\Feature\Playground\Make\Controller\Console\Commands\RequestMakeCommand\AbstractTest" classname="Tests.Feature.Playground.Make.Controller.Console.Commands.RequestMakeCommand.AbstractTest" assertions="1" time="0.033203"/>
        <testcase name="test_command_make_abstract_index_request_with_force_and_without_skeleton" file="/app/tests/Feature/Console/Commands/RequestMakeCommand/AbstractTest.php" line="44" class="Tests\Feature\Playground\Make\Controller\Console\Commands\RequestMakeCommand\AbstractTest" classname="Tests.Feature.Playground.Make.Controller.Console.Commands.RequestMakeCommand.AbstractTest" assertions="1" time="0.034650"/>
        <testcase name="test_command_make_abstract_index_request_with_force_and_with_skeleton" file="/app/tests/Feature/Console/Commands/RequestMakeCommand/AbstractTest.php" line="55" class="Tests\Feature\Playground\Make\Controller\Console\Commands\RequestMakeCommand\AbstractTest" classname="Tests.Feature.Playground.Make.Controller.Console.Commands.RequestMakeCommand.AbstractTest" assertions="1" time="0.035027"/>
        <testcase name="test_command_make_abstract_store_request_with_force_and_without_skeleton" file="/app/tests/Feature/Console/Commands/RequestMakeCommand/AbstractTest.php" line="66" class="Tests\Feature\Playground\Make\Controller\Console\Commands\RequestMakeCommand\AbstractTest" classname="Tests.Feature.Playground.Make.Controller.Console.Commands.RequestMakeCommand.AbstractTest" assertions="1" time="0.034643"/>
        <testcase name="test_command_make_abstract_store_request_with_force_and_with_skeleton" file="/app/tests/Feature/Console/Commands/RequestMakeCommand/AbstractTest.php" line="77" class="Tests\Feature\Playground\Make\Controller\Console\Commands\RequestMakeCommand\AbstractTest" classname="Tests.Feature.Playground.Make.Controller.Console.Commands.RequestMakeCommand.AbstractTest" assertions="1" time="0.034729"/>
      </testsuite>
      <testsuite name="Tests\Feature\Playground\Make\Controller\Console\Commands\RequestMakeCommand\CommandTest" file="/app/tests/Feature/Console/Commands/RequestMakeCommand/CommandTest.php" tests="2" assertions="3" errors="0" failures="0" skipped="0" time="0.063806">
        <testcase name="test_command_without_options_or_arguments" file="/app/tests/Feature/Console/Commands/RequestMakeCommand/CommandTest.php" line="22" class="Tests\Feature\Playground\Make\Controller\Console\Commands\RequestMakeCommand\CommandTest" classname="Tests.Feature.Playground.Make.Controller.Console.Commands.RequestMakeCommand.CommandTest" assertions="2" time="0.030385"/>
        <testcase name="test_command_skeleton" file="/app/tests/Feature/Console/Commands/RequestMakeCommand/CommandTest.php" line="32" class="Tests\Feature\Playground\Make\Controller\Console\Commands\RequestMakeCommand\CommandTest" classname="Tests.Feature.Playground.Make.Controller.Console.Commands.RequestMakeCommand.CommandTest" assertions="1" time="0.033421"/>
      </testsuite>
      <testsuite name="Tests\Feature\Playground\Make\Controller\Console\Commands\RequestMakeCommand\CrudTest" file="/app/tests/Feature/Console/Commands/RequestMakeCommand/CrudTest.php" tests="12" assertions="12" errors="0" failures="0" skipped="0" time="0.428295">
        <testcase name="test_command_make_destroy_request_with_force_and_without_skeleton" file="/app/tests/Feature/Console/Commands/RequestMakeCommand/CrudTest.php" line="22" class="Tests\Feature\Playground\Make\Controller\Console\Commands\RequestMakeCommand\CrudTest" classname="Tests.Feature.Playground.Make.Controller.Console.Commands.RequestMakeCommand.CrudTest" assertions="1" time="0.033345"/>
        <testcase name="test_command_make_destroy_request_with_force_and_with_skeleton" file="/app/tests/Feature/Console/Commands/RequestMakeCommand/CrudTest.php" line="33" class="Tests\Feature\Playground\Make\Controller\Console\Commands\RequestMakeCommand\CrudTest" classname="Tests.Feature.Playground.Make.Controller.Console.Commands.RequestMakeCommand.CrudTest" assertions="1" time="0.034399"/>
        <testcase name="test_command_make_index_request_with_force_and_without_skeleton" file="/app/tests/Feature/Console/Commands/RequestMakeCommand/CrudTest.php" line="44" class="Tests\Feature\Playground\Make\Controller\Console\Commands\RequestMakeCommand\CrudTest" classname="Tests.Feature.Playground.Make.Controller.Console.Commands.RequestMakeCommand.CrudTest" assertions="1" time="0.034844"/>
        <testcase name="test_command_make_index_request_with_force_and_with_skeleton" file="/app/tests/Feature/Console/Commands/RequestMakeCommand/CrudTest.php" line="55" class="Tests\Feature\Playground\Make\Controller\Console\Commands\RequestMakeCommand\CrudTest" classname="Tests.Feature.Playground.Make.Controller.Console.Commands.RequestMakeCommand.CrudTest" assertions="1" time="0.035686"/>
        <testcase name="test_command_make_store_request_with_force_and_without_skeleton" file="/app/tests/Feature/Console/Commands/RequestMakeCommand/CrudTest.php" line="66" class="Tests\Feature\Playground\Make\Controller\Console\Commands\RequestMakeCommand\CrudTest" classname="Tests.Feature.Playground.Make.Controller.Console.Commands.RequestMakeCommand.CrudTest" assertions="1" time="0.033941"/>
        <testcase name="test_command_make_store_request_with_force_and_with_skeleton" file="/app/tests/Feature/Console/Commands/RequestMakeCommand/CrudTest.php" line="77" class="Tests\Feature\Playground\Make\Controller\Console\Commands\RequestMakeCommand\CrudTest" classname="Tests.Feature.Playground.Make.Controller.Console.Commands.RequestMakeCommand.CrudTest" assertions="1" time="0.034593"/>
        <testcase name="test_command_make_update_request_with_force_and_without_skeleton" file="/app/tests/Feature/Console/Commands/RequestMakeCommand/CrudTest.php" line="88" class="Tests\Feature\Playground\Make\Controller\Console\Commands\RequestMakeCommand\CrudTest" classname="Tests.Feature.Playground.Make.Controller.Console.Commands.RequestMakeCommand.CrudTest" assertions="1" time="0.035778"/>
        <testcase name="test_command_make_update_request_with_force_and_with_skeleton" file="/app/tests/Feature/Console/Commands/RequestMakeCommand/CrudTest.php" line="99" class="Tests\Feature\Playground\Make\Controller\Console\Commands\RequestMakeCommand\CrudTest" classname="Tests.Feature.Playground.Make.Controller.Console.Commands.RequestMakeCommand.CrudTest" assertions="1" time="0.037705"/>
        <testcase name="test_command_make_other_request_with_force_and_without_skeleton" file="/app/tests/Feature/Console/Commands/RequestMakeCommand/CrudTest.php" line="110" class="Tests\Feature\Playground\Make\Controller\Console\Commands\RequestMakeCommand\CrudTest" classname="Tests.Feature.Playground.Make.Controller.Console.Commands.RequestMakeCommand.CrudTest" assertions="1" time="0.036299"/>
        <testcase name="test_command_make_other_request_with_force_and_with_skeleton" file="/app/tests/Feature/Console/Commands/RequestMakeCommand/CrudTest.php" line="121" class="Tests\Feature\Playground\Make\Controller\Console\Commands\RequestMakeCommand\CrudTest" classname="Tests.Feature.Playground.Make.Controller.Console.Commands.RequestMakeCommand.CrudTest" assertions="1" time="0.037573"/>
        <testcase name="test_command_make_default_request_with_force_and_without_skeleton" file="/app/tests/Feature/Console/Commands/RequestMakeCommand/CrudTest.php" line="132" class="Tests\Feature\Playground\Make\Controller\Console\Commands\RequestMakeCommand\CrudTest" classname="Tests.Feature.Playground.Make.Controller.Console.Commands.RequestMakeCommand.CrudTest" assertions="1" time="0.036618"/>
        <testcase name="test_command_make_default_request_with_force_and_with_skeleton" file="/app/tests/Feature/Console/Commands/RequestMakeCommand/CrudTest.php" line="143" class="Tests\Feature\Playground\Make\Controller\Console\Commands\RequestMakeCommand\CrudTest" classname="Tests.Feature.Playground.Make.Controller.Console.Commands.RequestMakeCommand.CrudTest" assertions="1" time="0.037513"/>
      </testsuite>
      <testsuite name="Tests\Feature\Playground\Make\Controller\Console\Commands\RequestMakeCommand\FileTest" file="/app/tests/Feature/Console/Commands/RequestMakeCommand/FileTest.php" tests="2" assertions="6" errors="0" failures="0" skipped="0" time="0.068689">
        <testcase name="test_command_make_request_with_force_and_without_skeleton" file="/app/tests/Feature/Console/Commands/RequestMakeCommand/FileTest.php" line="23" class="Tests\Feature\Playground\Make\Controller\Console\Commands\RequestMakeCommand\FileTest" classname="Tests.Feature.Playground.Make.Controller.Console.Commands.RequestMakeCommand.FileTest" assertions="3" time="0.034175"/>
        <testcase name="test_command_make_request_with_force_and_with_skeleton" file="/app/tests/Feature/Console/Commands/RequestMakeCommand/FileTest.php" line="42" class="Tests\Feature\Playground\Make\Controller\Console\Commands\RequestMakeCommand\FileTest" classname="Tests.Feature.Playground.Make.Controller.Console.Commands.RequestMakeCommand.FileTest" assertions="3" time="0.034514"/>
      </testsuite>
      <testsuite name="Tests\Feature\Playground\Make\Controller\Console\Commands\RequestMakeCommand\IndexTest" file="/app/tests/Feature/Console/Commands/RequestMakeCommand/IndexTest.php" tests="3" assertions="3" errors="0" failures="0" skipped="0" time="0.105904">
        <testcase name="test_command_make_form_request" file="/app/tests/Feature/Console/Commands/RequestMakeCommand/IndexTest.php" line="22" class="Tests\Feature\Playground\Make\Controller\Console\Commands\RequestMakeCommand\IndexTest" classname="Tests.Feature.Playground.Make.Controller.Console.Commands.RequestMakeCommand.IndexTest" assertions="1" time="0.034695"/>
        <testcase name="test_command_make_abstract_index_request" file="/app/tests/Feature/Console/Commands/RequestMakeCommand/IndexTest.php" line="33" class="Tests\Feature\Playground\Make\Controller\Console\Commands\RequestMakeCommand\IndexTest" classname="Tests.Feature.Playground.Make.Controller.Console.Commands.RequestMakeCommand.IndexTest" assertions="1" time="0.035491"/>
        <testcase name="test_command_make_abstract_store_request" file="/app/tests/Feature/Console/Commands/RequestMakeCommand/IndexTest.php" line="44" class="Tests\Feature\Playground\Make\Controller\Console\Commands\RequestMakeCommand\IndexTest" classname="Tests.Feature.Playground.Make.Controller.Console.Commands.RequestMakeCommand.IndexTest" assertions="1" time="0.035719"/>
      </testsuite>
      <testsuite name="Tests\Feature\Playground\Make\Controller\Console\Commands\RequestMakeCommand\ModelTest" file="/app/tests/Feature/Console/Commands/RequestMakeCommand/ModelTest.php" tests="4" assertions="4" errors="0" failures="0" skipped="0" time="0.169073">
        <testcase name="test_command_make_create_request_with_force_and_without_skeleton" file="/app/tests/Feature/Console/Commands/RequestMakeCommand/ModelTest.php" line="22" class="Tests\Feature\Playground\Make\Controller\Console\Commands\RequestMakeCommand\ModelTest" classname="Tests.Feature.Playground.Make.Controller.Console.Commands.RequestMakeCommand.ModelTest" assertions="1" time="0.049026"/>
        <testcase name="test_command_make_index_request_with_force_and_with_skeleton" file="/app/tests/Feature/Console/Commands/RequestMakeCommand/ModelTest.php" line="33" class="Tests\Feature\Playground\Make\Controller\Console\Commands\RequestMakeCommand\ModelTest" classname="Tests.Feature.Playground.Make.Controller.Console.Commands.RequestMakeCommand.ModelTest" assertions="1" time="0.047635"/>
        <testcase name="test_command_make_index_request_with_force_and_with_skeleton_without_model_file" file="/app/tests/Feature/Console/Commands/RequestMakeCommand/ModelTest.php" line="44" class="Tests\Feature\Playground\Make\Controller\Console\Commands\RequestMakeCommand\ModelTest" classname="Tests.Feature.Playground.Make.Controller.Console.Commands.RequestMakeCommand.ModelTest" assertions="1" time="0.037165"/>
        <testcase name="test_command_make_index_request_under_subfolder_with_force_and_with_skeleton_without_model_file" file="/app/tests/Feature/Console/Commands/RequestMakeCommand/ModelTest.php" line="55" class="Tests\Feature\Playground\Make\Controller\Console\Commands\RequestMakeCommand\ModelTest" classname="Tests.Feature.Playground.Make.Controller.Console.Commands.RequestMakeCommand.ModelTest" assertions="1" time="0.035247"/>
      </testsuite>
      <testsuite name="Tests\Feature\Playground\Make\Controller\Console\Commands\ResourceMakeCommand\AbstractTest" file="/app/tests/Feature/Console/Commands/ResourceMakeCommand/AbstractTest.php" tests="4" assertions="4" errors="0" failures="0" skipped="0" time="0.129510">
        <testcase name="test_command_make_abstract_resource_with_force_and_without_skeleton" file="/app/tests/Feature/Console/Commands/ResourceMakeCommand/AbstractTest.php" line="22" class="Tests\Feature\Playground\Make\Controller\Console\Commands\ResourceMakeCommand\AbstractTest" classname="Tests.Feature.Playground.Make.Controller.Console.Commands.ResourceMakeCommand.AbstractTest" assertions="1" time="0.031751"/>
        <testcase name="test_command_make_abstract_resource_with_force_and_with_skeleton" file="/app/tests/Feature/Console/Commands/ResourceMakeCommand/AbstractTest.php" line="33" class="Tests\Feature\Playground\Make\Controller\Console\Commands\ResourceMakeCommand\AbstractTest" classname="Tests.Feature.Playground.Make.Controller.Console.Commands.ResourceMakeCommand.AbstractTest" assertions="1" time="0.031825"/>
        <testcase name="test_command_make_abstract_keys_resource_with_force_and_without_skeleton" file="/app/tests/Feature/Console/Commands/ResourceMakeCommand/AbstractTest.php" line="44" class="Tests\Feature\Playground\Make\Controller\Console\Commands\ResourceMakeCommand\AbstractTest" classname="Tests.Feature.Playground.Make.Controller.Console.Commands.ResourceMakeCommand.AbstractTest" assertions="1" time="0.032956"/>
        <testcase name="test_command_make_abstract_keys_resource_with_force_and_with_skeleton" file="/app/tests/Feature/Console/Commands/ResourceMakeCommand/AbstractTest.php" line="55" class="Tests\Feature\Playground\Make\Controller\Console\Commands\ResourceMakeCommand\AbstractTest" classname="Tests.Feature.Playground.Make.Controller.Console.Commands.ResourceMakeCommand.AbstractTest" assertions="1" time="0.032977"/>
      </testsuite>
      <testsuite name="Tests\Feature\Playground\Make\Controller\Console\Commands\ResourceMakeCommand\CollectionTest" file="/app/tests/Feature/Console/Commands/ResourceMakeCommand/CollectionTest.php" tests="5" assertions="5" errors="0" failures="0" skipped="0" time="0.174904">
        <testcase name="test_command_make_resource_with_force_and_without_skeleton" file="/app/tests/Feature/Console/Commands/ResourceMakeCommand/CollectionTest.php" line="22" class="Tests\Feature\Playground\Make\Controller\Console\Commands\ResourceMakeCommand\CollectionTest" classname="Tests.Feature.Playground.Make.Controller.Console.Commands.ResourceMakeCommand.CollectionTest" assertions="1" time="0.031841"/>
        <testcase name="test_command_make_collection_resource_with_force_and_with_skeleton" file="/app/tests/Feature/Console/Commands/ResourceMakeCommand/CollectionTest.php" line="33" class="Tests\Feature\Playground\Make\Controller\Console\Commands\ResourceMakeCommand\CollectionTest" classname="Tests.Feature.Playground.Make.Controller.Console.Commands.ResourceMakeCommand.CollectionTest" assertions="1" time="0.035710"/>
        <testcase name="test_command_make_named_collection_resource_with_force_and_with_skeleton" file="/app/tests/Feature/Console/Commands/ResourceMakeCommand/CollectionTest.php" line="44" class="Tests\Feature\Playground\Make\Controller\Console\Commands\ResourceMakeCommand\CollectionTest" classname="Tests.Feature.Playground.Make.Controller.Console.Commands.ResourceMakeCommand.CollectionTest" assertions="1" time="0.039071"/>
        <testcase name="test_command_make_named_collection_resource_with_option_with_force_and_with_skeleton" file="/app/tests/Feature/Console/Commands/ResourceMakeCommand/CollectionTest.php" line="55" class="Tests\Feature\Playground\Make\Controller\Console\Commands\ResourceMakeCommand\CollectionTest" classname="Tests.Feature.Playground.Make.Controller.Console.Commands.ResourceMakeCommand.CollectionTest" assertions="1" time="0.035368"/>
        <testcase name="test_command_make_collection_resource_with_option_with_force_and_with_skeleton" file="/app/tests/Feature/Console/Commands/ResourceMakeCommand/CollectionTest.php" line="66" class="Tests\Feature\Playground\Make\Controller\Console\Commands\ResourceMakeCommand\CollectionTest" classname="Tests.Feature.Playground.Make.Controller.Console.Commands.ResourceMakeCommand.CollectionTest" assertions="1" time="0.032913"/>
      </testsuite>
      <testsuite name="Tests\Feature\Playground\Make\Controller\Console\Commands\ResourceMakeCommand\CommandTest" file="/app/tests/Feature/Console/Commands/ResourceMakeCommand/CommandTest.php" tests="2" assertions="3" errors="0" failures="0" skipped="0" time="0.063856">
        <testcase name="test_command_without_options_or_arguments" file="/app/tests/Feature/Console/Commands/ResourceMakeCommand/CommandTest.php" line="22" class="Tests\Feature\Playground\Make\Controller\Console\Commands\ResourceMakeCommand\CommandTest" classname="Tests.Feature.Playground.Make.Controller.Console.Commands.ResourceMakeCommand.CommandTest" assertions="2" time="0.029694"/>
        <testcase name="test_command_skeleton" file="/app/tests/Feature/Console/Commands/ResourceMakeCommand/CommandTest.php" line="32" class="Tests\Feature\Playground\Make\Controller\Console\Commands\ResourceMakeCommand\CommandTest" classname="Tests.Feature.Playground.Make.Controller.Console.Commands.ResourceMakeCommand.CommandTest" assertions="1" time="0.034162"/>
      </testsuite>
      <testsuite name="Tests\Feature\Playground\Make\Controller\Console\Commands\ResourceMakeCommand\KeysTest" file="/app/tests/Feature/Console/Commands/ResourceMakeCommand/KeysTest.php" tests="2" assertions="2" errors="0" failures="0" skipped="0" time="0.062533">
        <testcase name="test_command_make_keys_resource_with_force_and_without_skeleton" file="/app/tests/Feature/Console/Commands/ResourceMakeCommand/KeysTest.php" line="22" class="Tests\Feature\Playground\Make\Controller\Console\Commands\ResourceMakeCommand\KeysTest" classname="Tests.Feature.Playground.Make.Controller.Console.Commands.ResourceMakeCommand.KeysTest" assertions="1" time="0.030993"/>
        <testcase name="test_command_make_keys_resource_with_force_and_with_skeleton" file="/app/tests/Feature/Console/Commands/ResourceMakeCommand/KeysTest.php" line="33" class="Tests\Feature\Playground\Make\Controller\Console\Commands\ResourceMakeCommand\KeysTest" classname="Tests.Feature.Playground.Make.Controller.Console.Commands.ResourceMakeCommand.KeysTest" assertions="1" time="0.031540"/>
      </testsuite>
      <testsuite name="Tests\Feature\Playground\Make\Controller\Console\Commands\ResourceMakeCommand\StubTest" file="/app/tests/Feature/Console/Commands/ResourceMakeCommand/StubTest.php" tests="2" assertions="4" errors="0" failures="0" skipped="0" time="0.062927">
        <testcase name="test_command_with_invalid_stubs_path_in_the_config" file="/app/tests/Feature/Console/Commands/ResourceMakeCommand/StubTest.php" line="24" class="Tests\Feature\Playground\Make\Controller\Console\Commands\ResourceMakeCommand\StubTest" classname="Tests.Feature.Playground.Make.Controller.Console.Commands.ResourceMakeCommand.StubTest" assertions="2" time="0.032384"/>
        <testcase name="test_command_with_invalid_path_to_stub_in_the_config" file="/app/tests/Feature/Console/Commands/ResourceMakeCommand/StubTest.php" line="46" class="Tests\Feature\Playground\Make\Controller\Console\Commands\ResourceMakeCommand\StubTest" classname="Tests.Feature.Playground.Make.Controller.Console.Commands.ResourceMakeCommand.StubTest" assertions="2" time="0.030543"/>
      </testsuite>
      <testsuite name="Tests\Feature\Playground\Make\Controller\Console\Commands\RouteMakeCommand\ApiTest" file="/app/tests/Feature/Console/Commands/RouteMakeCommand/ApiTest.php" tests="3" assertions="4" errors="0" failures="0" skipped="0" time="0.109086">
        <testcase name="test_command_make_playground_api_route_with_force_and_without_skeleton" file="/app/tests/Feature/Console/Commands/RouteMakeCommand/ApiTest.php" line="22" class="Tests\Feature\Playground\Make\Controller\Console\Commands\RouteMakeCommand\ApiTest" classname="Tests.Feature.Playground.Make.Controller.Console.Commands.RouteMakeCommand.ApiTest" assertions="1" time="0.039025"/>
        <testcase name="test_command_make_api_route_with_force_and_with_skeleton" file="/app/tests/Feature/Console/Commands/RouteMakeCommand/ApiTest.php" line="36" class="Tests\Feature\Playground\Make\Controller\Console\Commands\RouteMakeCommand\ApiTest" classname="Tests.Feature.Playground.Make.Controller.Console.Commands.RouteMakeCommand.ApiTest" assertions="1" time="0.040285"/>
        <testcase name="test_command_make_api_route_without_model_file" file="/app/tests/Feature/Console/Commands/RouteMakeCommand/ApiTest.php" line="50" class="Tests\Feature\Playground\Make\Controller\Console\Commands\RouteMakeCommand\ApiTest" classname="Tests.Feature.Playground.Make.Controller.Console.Commands.RouteMakeCommand.ApiTest" assertions="2" time="0.029776"/>
      </testsuite>
      <testsuite name="Tests\Feature\Playground\Make\Controller\Console\Commands\RouteMakeCommand\CommandTest" file="/app/tests/Feature/Console/Commands/RouteMakeCommand/CommandTest.php" tests="3" assertions="4" errors="0" failures="0" skipped="0" time="0.097908">
        <testcase name="test_command_without_options_or_arguments" file="/app/tests/Feature/Console/Commands/RouteMakeCommand/CommandTest.php" line="22" class="Tests\Feature\Playground\Make\Controller\Console\Commands\RouteMakeCommand\CommandTest" classname="Tests.Feature.Playground.Make.Controller.Console.Commands.RouteMakeCommand.CommandTest" assertions="2" time="0.030734"/>
        <testcase name="test_command_skeleton" file="/app/tests/Feature/Console/Commands/RouteMakeCommand/CommandTest.php" line="32" class="Tests\Feature\Playground\Make\Controller\Console\Commands\RouteMakeCommand\CommandTest" classname="Tests.Feature.Playground.Make.Controller.Console.Commands.RouteMakeCommand.CommandTest" assertions="1" time="0.033145"/>
        <testcase name="test_command_with_options" file="/app/tests/Feature/Console/Commands/RouteMakeCommand/CommandTest.php" line="41" class="Tests\Feature\Playground\Make\Controller\Console\Commands\RouteMakeCommand\CommandTest" classname="Tests.Feature.Playground.Make.Controller.Console.Commands.RouteMakeCommand.CommandTest" assertions="1" time="0.034030"/>
      </testsuite>
      <testsuite name="Tests\Feature\Playground\Make\Controller\Console\Commands\RouteMakeCommand\FileTest" file="/app/tests/Feature/Console/Commands/RouteMakeCommand/FileTest.php" tests="2" assertions="2" errors="0" failures="0" skipped="0" time="0.075108">
        <testcase name="test_command_make_route_with_force_and_without_skeleton" file="/app/tests/Feature/Console/Commands/RouteMakeCommand/FileTest.php" line="22" class="Tests\Feature\Playground\Make\Controller\Console\Commands\RouteMakeCommand\FileTest" classname="Tests.Feature.Playground.Make.Controller.Console.Commands.RouteMakeCommand.FileTest" assertions="1" time="0.036129"/>
        <testcase name="test_command_make_route_with_force_and_with_skeleton" file="/app/tests/Feature/Console/Commands/RouteMakeCommand/FileTest.php" line="36" class="Tests\Feature\Playground\Make\Controller\Console\Commands\RouteMakeCommand\FileTest" classname="Tests.Feature.Playground.Make.Controller.Console.Commands.RouteMakeCommand.FileTest" assertions="1" time="0.038978"/>
      </testsuite>
      <testsuite name="Tests\Feature\Playground\Make\Controller\Console\Commands\RouteMakeCommand\ResourceTest" file="/app/tests/Feature/Console/Commands/RouteMakeCommand/ResourceTest.php" tests="6" assertions="7" errors="0" failures="0" skipped="0" time="0.238893">
        <testcase name="test_command_make_playground_resource_route_with_force_and_without_skeleton" file="/app/tests/Feature/Console/Commands/RouteMakeCommand/ResourceTest.php" line="22" class="Tests\Feature\Playground\Make\Controller\Console\Commands\RouteMakeCommand\ResourceTest" classname="Tests.Feature.Playground.Make.Controller.Console.Commands.RouteMakeCommand.ResourceTest" assertions="1" time="0.042103"/>
        <testcase name="test_command_make_resource_route_with_force_and_with_skeleton" file="/app/tests/Feature/Console/Commands/RouteMakeCommand/ResourceTest.php" line="36" class="Tests\Feature\Playground\Make\Controller\Console\Commands\RouteMakeCommand\ResourceTest" classname="Tests.Feature.Playground.Make.Controller.Console.Commands.RouteMakeCommand.ResourceTest" assertions="1" time="0.042113"/>
        <testcase name="test_command_make_resource_route_without_model_file" file="/app/tests/Feature/Console/Commands/RouteMakeCommand/ResourceTest.php" line="50" class="Tests\Feature\Playground\Make\Controller\Console\Commands\RouteMakeCommand\ResourceTest" classname="Tests.Feature.Playground.Make.Controller.Console.Commands.RouteMakeCommand.ResourceTest" assertions="2" time="0.030175"/>
        <testcase name="test_command_make_playground_resource_index_route_with_force_and_without_skeleton" file="/app/tests/Feature/Console/Commands/RouteMakeCommand/ResourceTest.php" line="60" class="Tests\Feature\Playground\Make\Controller\Console\Commands\RouteMakeCommand\ResourceTest" classname="Tests.Feature.Playground.Make.Controller.Console.Commands.RouteMakeCommand.ResourceTest" assertions="1" time="0.047089"/>
        <testcase name="test_command_make_resource_index_route_with_force_and_with_skeleton" file="/app/tests/Feature/Console/Commands/RouteMakeCommand/ResourceTest.php" line="74" class="Tests\Feature\Playground\Make\Controller\Console\Commands\RouteMakeCommand\ResourceTest" classname="Tests.Feature.Playground.Make.Controller.Console.Commands.RouteMakeCommand.ResourceTest" assertions="1" time="0.041141"/>
        <testcase name="test_command_make_resource_index_route_without_model_file" file="/app/tests/Feature/Console/Commands/RouteMakeCommand/ResourceTest.php" line="88" class="Tests\Feature\Playground\Make\Controller\Console\Commands\RouteMakeCommand\ResourceTest" classname="Tests.Feature.Playground.Make.Controller.Console.Commands.RouteMakeCommand.ResourceTest" assertions="1" time="0.036273"/>
      </testsuite>
    </testsuite>
  </testsuite>
</testsuites>
